// Jest Snapshot v1, https://goo.gl/fbAQLP

exports[`Experimentation mode - handling previews should respond with proper body 1`] = `
Array [
  Object {
    "id": "f2dff102-3d25-5174-b733-12c4e58fdd5d",
    "idCategory": 1,
    "idLibrary": -1,
    "name": "Avatar",
    "revisionId": "3ab57996-fdf2-41cd-b3c6-85ba98596081_33a58bbfb9e97c671048f796c842723f13599762",
    "type": "code-sync-component",
  },
  Object {
    "id": "ba14886c-2674-52a3-a147-7b88e725e4ee",
    "idCategory": 2,
    "idLibrary": -1,
    "name": "Button",
    "revisionId": "3ab57996-fdf2-41cd-b3c6-85ba98596081_33a58bbfb9e97c671048f796c842723f13599762",
    "type": "code-sync-component",
  },
]
`;
