// Jest Snapshot v1, https://goo.gl/fbAQLP

exports[`summary command integration summary command prints  prints the list of components found in arui-feather example 1`] = `
"[1mUncategorized[22m

    [1mAmount[22m
        ðŸ“œ documentation: [32mâœ”[39m
        ðŸ’¡ examples: [32mâœ”[39m
        ðŸŽ›  presets: [31mâœ˜[39m

    [1mAttach[22m
        ðŸ“œ documentation: [32mâœ”[39m
        ðŸ’¡ examples: [32mâœ”[39m
        ðŸŽ›  presets: [31mâœ˜[39m

    [1mButton[22m
        ðŸ“œ documentation: [32mâœ”[39m
        ðŸ’¡ examples: [32mâœ”[39m
        ðŸŽ›  presets: [31mâœ˜[39m

    [1mCalendar[22m
        ðŸ“œ documentation: [32mâœ”[39m
        ðŸ’¡ examples: [32mâœ”[39m
        ðŸŽ›  presets: [31mâœ˜[39m

    [1mCalendarInput[22m
        ðŸ“œ documentation: [32mâœ”[39m
        ðŸ’¡ examples: [32mâœ”[39m
        ðŸŽ›  presets: [31mâœ˜[39m

    [1mCardInput[22m
        ðŸ“œ documentation: [32mâœ”[39m
        ðŸ’¡ examples: [32mâœ”[39m
        ðŸŽ›  presets: [31mâœ˜[39m

    [1mCheckBox[22m
        ðŸ“œ documentation: [32mâœ”[39m
        ðŸ’¡ examples: [32mâœ”[39m
        ðŸŽ›  presets: [31mâœ˜[39m

    [1mCheckBoxGroup[22m
        ðŸ“œ documentation: [32mâœ”[39m
        ðŸ’¡ examples: [32mâœ”[39m
        ðŸŽ›  presets: [31mâœ˜[39m

    [1mCollapse[22m
        ðŸ“œ documentation: [32mâœ”[39m
        ðŸ’¡ examples: [32mâœ”[39m
        ðŸŽ›  presets: [31mâœ˜[39m

    [1mDropdown[22m
        ðŸ“œ documentation: [32mâœ”[39m
        ðŸ’¡ examples: [32mâœ”[39m
        ðŸŽ›  presets: [31mâœ˜[39m

    [1mEmailInput[22m
        ðŸ“œ documentation: [32mâœ”[39m
        ðŸ’¡ examples: [32mâœ”[39m
        ðŸŽ›  presets: [31mâœ˜[39m

    [1mFlagIcon[22m
        ðŸ“œ documentation: [32mâœ”[39m
        ðŸ’¡ examples: [32mâœ”[39m
        ðŸŽ›  presets: [31mâœ˜[39m

    [1mForm[22m
        ðŸ“œ documentation: [32mâœ”[39m
        ðŸ’¡ examples: [32mâœ”[39m
        ðŸŽ›  presets: [31mâœ˜[39m

    [1mFormField[22m
        ðŸ“œ documentation: [32mâœ”[39m
        ðŸ’¡ examples: [32mâœ”[39m
        ðŸŽ›  presets: [31mâœ˜[39m

    [1mHeading[22m
        ðŸ“œ documentation: [32mâœ”[39m
        ðŸ’¡ examples: [32mâœ”[39m
        ðŸŽ›  presets: [31mâœ˜[39m

    [1mIcon[22m
        ðŸ“œ documentation: [32mâœ”[39m
        ðŸ’¡ examples: [32mâœ”[39m
        ðŸŽ›  presets: [31mâœ˜[39m

    [1mIconButton[22m
        ðŸ“œ documentation: [32mâœ”[39m
        ðŸ’¡ examples: [32mâœ”[39m
        ðŸŽ›  presets: [31mâœ˜[39m

    [1mInput[22m
        ðŸ“œ documentation: [32mâœ”[39m
        ðŸ’¡ examples: [32mâœ”[39m
        ðŸŽ›  presets: [31mâœ˜[39m

    [1mInputAutocomplete[22m
        ðŸ“œ documentation: [32mâœ”[39m
        ðŸ’¡ examples: [32mâœ”[39m
        ðŸŽ›  presets: [31mâœ˜[39m

    [1mInputGroup[22m
        ðŸ“œ documentation: [32mâœ”[39m
        ðŸ’¡ examples: [32mâœ”[39m
        ðŸŽ›  presets: [31mâœ˜[39m

    [1mIntlPhoneInput[22m
        ðŸ“œ documentation: [32mâœ”[39m
        ðŸ’¡ examples: [32mâœ”[39m
        ðŸŽ›  presets: [31mâœ˜[39m

    [1mIsolatedContainer[22m
        ðŸ“œ documentation: [31mâœ˜[39m
        ðŸ’¡ examples: [31mâœ˜[39m
        ðŸŽ›  presets: [31mâœ˜[39m

    [1mLabel[22m
        ðŸ“œ documentation: [32mâœ”[39m
        ðŸ’¡ examples: [32mâœ”[39m
        ðŸŽ›  presets: [31mâœ˜[39m

    [1mLink[22m
        ðŸ“œ documentation: [32mâœ”[39m
        ðŸ’¡ examples: [32mâœ”[39m
        ðŸŽ›  presets: [31mâœ˜[39m

    [1mList[22m
        ðŸ“œ documentation: [32mâœ”[39m
        ðŸ’¡ examples: [32mâœ”[39m
        ðŸŽ›  presets: [31mâœ˜[39m

    [1mMaskedInput[22m
        ðŸ“œ documentation: [31mâœ˜[39m
        ðŸ’¡ examples: [31mâœ˜[39m
        ðŸŽ›  presets: [31mâœ˜[39m

    [1mMenu[22m
        ðŸ“œ documentation: [32mâœ”[39m
        ðŸ’¡ examples: [32mâœ”[39m
        ðŸŽ›  presets: [31mâœ˜[39m

    [1mMenuItem[22m
        ðŸ“œ documentation: [32mâœ”[39m
        ðŸ’¡ examples: [32mâœ”[39m
        ðŸŽ›  presets: [31mâœ˜[39m

    [1mMoneyInput[22m
        ðŸ“œ documentation: [32mâœ”[39m
        ðŸ’¡ examples: [32mâœ”[39m
        ðŸŽ›  presets: [31mâœ˜[39m

    [1mMq[22m
        ðŸ“œ documentation: [31mâœ˜[39m
        ðŸ’¡ examples: [31mâœ˜[39m
        ðŸŽ›  presets: [31mâœ˜[39m

    [1mNotification[22m
        ðŸ“œ documentation: [32mâœ”[39m
        ðŸ’¡ examples: [32mâœ”[39m
        ðŸŽ›  presets: [31mâœ˜[39m

    [1mParagraph[22m
        ðŸ“œ documentation: [32mâœ”[39m
        ðŸ’¡ examples: [32mâœ”[39m
        ðŸŽ›  presets: [31mâœ˜[39m

    [1mPhoneInput[22m
        ðŸ“œ documentation: [32mâœ”[39m
        ðŸ’¡ examples: [32mâœ”[39m
        ðŸŽ›  presets: [31mâœ˜[39m

    [1mPlate[22m
        ðŸ“œ documentation: [32mâœ”[39m
        ðŸ’¡ examples: [32mâœ”[39m
        ðŸŽ›  presets: [31mâœ˜[39m

    [1mPopup[22m
        ðŸ“œ documentation: [32mâœ”[39m
        ðŸ’¡ examples: [32mâœ”[39m
        ðŸŽ›  presets: [31mâœ˜[39m

    [1mPopupContainerProvider[22m
        ðŸ“œ documentation: [31mâœ˜[39m
        ðŸ’¡ examples: [31mâœ˜[39m
        ðŸŽ›  presets: [31mâœ˜[39m

    [1mPopupHeader[22m
        ðŸ“œ documentation: [32mâœ”[39m
        ðŸ’¡ examples: [31mâœ˜[39m
        ðŸŽ›  presets: [31mâœ˜[39m

    [1mProgressBar[22m
        ðŸ“œ documentation: [32mâœ”[39m
        ðŸ’¡ examples: [32mâœ”[39m
        ðŸŽ›  presets: [31mâœ˜[39m

    [1mRadio[22m
        ðŸ“œ documentation: [32mâœ”[39m
        ðŸ’¡ examples: [32mâœ”[39m
        ðŸŽ›  presets: [31mâœ˜[39m

    [1mRadioGroup[22m
        ðŸ“œ documentation: [32mâœ”[39m
        ðŸ’¡ examples: [32mâœ”[39m
        ðŸŽ›  presets: [31mâœ˜[39m

    [1mRenderInContainer[22m
        ðŸ“œ documentation: [31mâœ˜[39m
        ðŸ’¡ examples: [31mâœ˜[39m
        ðŸŽ›  presets: [31mâœ˜[39m

    [1mResizeSensor[22m
        ðŸ“œ documentation: [31mâœ˜[39m
        ðŸ’¡ examples: [31mâœ˜[39m
        ðŸŽ›  presets: [31mâœ˜[39m

    [1mSelect[22m
        ðŸ“œ documentation: [32mâœ”[39m
        ðŸ’¡ examples: [32mâœ”[39m
        ðŸŽ›  presets: [31mâœ˜[39m

    [1mSidebar[22m
        ðŸ“œ documentation: [32mâœ”[39m
        ðŸ’¡ examples: [32mâœ”[39m
        ðŸŽ›  presets: [31mâœ˜[39m

    [1mSlideDown[22m
        ðŸ“œ documentation: [32mâœ”[39m
        ðŸ’¡ examples: [32mâœ”[39m
        ðŸŽ›  presets: [31mâœ˜[39m

    [1mSpin[22m
        ðŸ“œ documentation: [32mâœ”[39m
        ðŸ’¡ examples: [32mâœ”[39m
        ðŸŽ›  presets: [31mâœ˜[39m

    [1mSwipeable[22m
        ðŸ“œ documentation: [31mâœ˜[39m
        ðŸ’¡ examples: [31mâœ˜[39m
        ðŸŽ›  presets: [31mâœ˜[39m

    [1mTabItem[22m
        ðŸ“œ documentation: [32mâœ”[39m
        ðŸ’¡ examples: [32mâœ”[39m
        ðŸŽ›  presets: [31mâœ˜[39m

    [1mTabs[22m
        ðŸ“œ documentation: [32mâœ”[39m
        ðŸ’¡ examples: [32mâœ”[39m
        ðŸŽ›  presets: [31mâœ˜[39m

    [1mTagButton[22m
        ðŸ“œ documentation: [32mâœ”[39m
        ðŸ’¡ examples: [32mâœ”[39m
        ðŸŽ›  presets: [31mâœ˜[39m

    [1mTextarea[22m
        ðŸ“œ documentation: [32mâœ”[39m
        ðŸ’¡ examples: [32mâœ”[39m
        ðŸŽ›  presets: [31mâœ˜[39m

    [1mThemeProvider[22m
        ðŸ“œ documentation: [32mâœ”[39m
        ðŸ’¡ examples: [31mâœ˜[39m
        ðŸŽ›  presets: [31mâœ˜[39m

[33mwarning [39mCannot serialize component properties in:
[34msrc/icon-button/icon-button.jsx[39m

[33mwarning [39mCannot parse type of a property 'size' in:
[34msrc/intl-phone-input/intl-phone-input.jsx[39m

[33mwarning [39mCannot parse type of a property 'value' in:
[34msrc/intl-phone-input/intl-phone-input.jsx[39m

[33mwarning [39mCannot serialize component properties in:
[34msrc/swipeable/swipeable.jsx[39m

[33mwarning [39mCannot serialize component properties in:
[34msrc/tab-item/tab-item.jsx[39m

[33mwarning [39mCannot serialize component properties in:
[34msrc/tabs/tabs.jsx[39m

[33mwarning [39mCannot serialize component properties in:
[34msrc/tag-button/tag-button.jsx[39m

"
`;
