// Jest Snapshot v1, https://goo.gl/fbAQLP

exports[`summary command integration summary command prints  prints the list of components found in polaris example 1`] = `
"[1mActions[22m

    [1mButton[22m
        ðŸ“œ documentation: [32mâœ”[39m
        ðŸ’¡ examples: [32mâœ”[39m
        ðŸŽ›  presets: [32mâœ”[39m

    [1mLink[22m
        ðŸ“œ documentation: [32mâœ”[39m
        ðŸ’¡ examples: [32mâœ”[39m
        ðŸŽ›  presets: [32mâœ”[39m

[1mStructure[22m

    [1mCard[22m
        ðŸ“œ documentation: [32mâœ”[39m
        ðŸ’¡ examples: [32mâœ”[39m
        ðŸŽ›  presets: [32mâœ”[39m

    [1mHeader[22m
        ðŸ“œ documentation: [31mâœ˜[39m
        ðŸ’¡ examples: [31mâœ˜[39m
        ðŸŽ›  presets: [32mâœ”[39m

    [1mSection[22m
        ðŸ“œ documentation: [31mâœ˜[39m
        ðŸ’¡ examples: [31mâœ˜[39m
        ðŸŽ›  presets: [32mâœ”[39m

[1mImages and Icons[22m

    [1mAvatar[22m
        ðŸ“œ documentation: [32mâœ”[39m
        ðŸ’¡ examples: [32mâœ”[39m
        ðŸŽ›  presets: [32mâœ”[39m

    [1mBadge[22m
        ðŸ“œ documentation: [32mâœ”[39m
        ðŸ’¡ examples: [32mâœ”[39m
        ðŸŽ›  presets: [32mâœ”[39m


"
`;
