// Jest Snapshot v1, https://goo.gl/fbAQLP

exports[`getProjectEPID should read epid file and convert it to EPID object 1`] = `
{
  "revisionId": "1c8e56d6-e4a4-4a16-8651-015124f10c83_b2c0fce45b547aa926428eab6a29ba66ea4ca178",
}
`;
