// Jest Snapshot v1, https://goo.gl/fbAQLP

exports[`The dump command run for the with-ts4 repository prints components with proper properties 1`] = `
Array [
  Object {
    "components": Array [
      Object {
        "documentation": Object {
          "examples": Array [],
        },
        "info": Object {
          "dirPath": "src/components/Avatar",
          "implementation": Object {
            "framework": "reactjs",
            "lang": "typescript",
            "path": "src/components/Avatar/Avatar.tsx",
          },
          "presets": Array [
            Object {
              "path": "src/components/Avatar/presets/0-default.jsx",
            },
          ],
        },
        "name": "Avatar",
        "presets": Array [
          Object {
            "elements": Object {
              "1": Object {
                "name": "Avatar",
                "props": Object {
                  "imageUrl": "https://picsum.photos/100/100?image=1027",
                  "size": "small",
                  "test": Object {
                    "abc": 123,
                    "name": "abc",
                  },
                  "user": Object {
                    "id": 1,
                    "name": "abc",
                  },
                },
              },
            },
            "name": "default",
            "rootId": "1",
          },
        ],
        "properties": Array [
          Object {
            "description": "",
            "isRequired": true,
            "name": "size",
            "type": Object {
              "name": "string",
              "structure": Object {},
            },
          },
          Object {
            "description": "",
            "isRequired": true,
            "name": "imageUrl",
            "type": Object {
              "name": "string",
              "structure": Object {},
            },
          },
          Object {
            "description": "",
            "isRequired": true,
            "name": "test",
            "type": Object {
              "name": "shape",
              "structure": Object {},
            },
          },
          Object {
            "description": "",
            "isRequired": true,
            "name": "user",
            "type": Object {
              "name": "shape",
              "structure": Object {},
            },
          },
        ],
        "wrappers": Array [],
      },
    ],
    "name": "General",
  },
]
`;
