// Jest Snapshot v1, https://goo.gl/fbAQLP

exports[`The dump command run for the with-non-inline-exports repository prints components with proper properties 1`] = `
[
  {
    "components": [
      {
        "defaultExported": false,
        "documentation": {
          "examples": [],
        },
        "info": {
          "dirPath": "src/components/Avatar",
          "implementation": {
            "framework": "reactjs",
            "lang": "typescript",
            "path": "src/components/Avatar/Avatar.tsx",
          },
          "presets": [],
        },
        "name": "Avatar",
        "presets": [],
        "properties": [
          {
            "description": "",
            "isRequired": true,
            "name": "size",
            "type": {
              "name": "string",
              "structure": {},
            },
          },
          {
            "description": "",
            "isRequired": true,
            "name": "imageUrl",
            "type": {
              "name": "string",
              "structure": {},
            },
          },
        ],
        "wrappers": [],
      },
      {
        "defaultExported": false,
        "documentation": {
          "examples": [],
        },
        "info": {
          "dirPath": "src/components/AvatarFn",
          "implementation": {
            "framework": "reactjs",
            "lang": "typescript",
            "path": "src/components/AvatarFn/AvatarFn.tsx",
          },
          "presets": [],
        },
        "name": "AvatarFn",
        "presets": [],
        "properties": [
          {
            "description": "",
            "isRequired": true,
            "name": "size",
            "type": {
              "name": "string",
              "structure": {},
            },
          },
          {
            "description": "",
            "isRequired": true,
            "name": "imageUrl",
            "type": {
              "name": "string",
              "structure": {},
            },
          },
        ],
        "wrappers": [],
      },
      {
        "defaultExported": true,
        "documentation": {
          "examples": [],
        },
        "info": {
          "dirPath": "src/components/AvatarFnDefault",
          "implementation": {
            "framework": "reactjs",
            "lang": "typescript",
            "path": "src/components/AvatarFnDefault/AvatarFnDefault.tsx",
          },
          "presets": [],
        },
        "name": "AvatarFnDefault",
        "presets": [],
        "properties": [
          {
            "description": "",
            "isRequired": true,
            "name": "size",
            "type": {
              "name": "string",
              "structure": {},
            },
          },
          {
            "description": "",
            "isRequired": true,
            "name": "imageUrl",
            "type": {
              "name": "string",
              "structure": {},
            },
          },
        ],
        "wrappers": [],
      },
      {
        "defaultExported": true,
        "documentation": {
          "examples": [],
        },
        "info": {
          "dirPath": "src/components/AvatarHOC",
          "implementation": {
            "framework": "reactjs",
            "lang": "typescript",
            "path": "src/components/AvatarHOC/AvatarHOC.tsx",
          },
          "presets": [],
        },
        "name": "AvatarHOC",
        "presets": [],
        "properties": [
          {
            "description": "",
            "isRequired": true,
            "name": "size",
            "type": {
              "name": "string",
              "structure": {},
            },
          },
          {
            "description": "",
            "isRequired": true,
            "name": "imageUrl",
            "type": {
              "name": "string",
              "structure": {},
            },
          },
        ],
        "wrappers": [],
      },
      {
        "defaultExported": true,
        "documentation": {
          "examples": [],
        },
        "info": {
          "dirPath": "src/components/ButtonWithIconAsProp",
          "implementation": {
            "framework": "reactjs",
            "lang": "typescript",
            "path": "src/components/ButtonWithIconAsProp/ButtonWithIconAsProp.tsx",
          },
          "presets": [],
        },
        "name": "ButtonWithIconAsProp",
        "presets": [],
        "properties": [
          {
            "description": "",
            "isRequired": true,
            "name": "children",
            "type": {
              "name": "node",
              "structure": {},
            },
          },
          {
            "description": "",
            "isRequired": false,
            "name": "isPrimary",
            "type": {
              "name": "boolean",
              "structure": {},
            },
          },
        ],
        "wrappers": [],
      },
      {
        "defaultExported": true,
        "documentation": {
          "examples": [],
        },
        "info": {
          "dirPath": "src/components/MenuWithData",
          "implementation": {
            "framework": "reactjs",
            "lang": "typescript",
            "path": "src/components/MenuWithData/MenuWithData.tsx",
          },
          "presets": [],
        },
        "name": "MenuWithData",
        "presets": [],
        "properties": [
          {
            "description": "",
            "isRequired": true,
            "name": "data",
            "type": {
              "name": "array",
              "structure": {},
            },
          },
        ],
        "wrappers": [],
      },
      {
        "defaultExported": true,
        "documentation": {
          "examples": [],
        },
        "info": {
          "dirPath": "src/components/MenuWithDataHOC",
          "implementation": {
            "framework": "reactjs",
            "lang": "typescript",
            "path": "src/components/MenuWithDataHOC/MenuWithDataHOC.tsx",
          },
          "presets": [],
        },
        "name": "MenuWithDataHOC",
        "presets": [],
        "properties": [
          {
            "description": "",
            "isRequired": true,
            "name": "data",
            "type": {
              "name": "array",
              "structure": {},
            },
          },
        ],
        "wrappers": [],
      },
    ],
    "name": "General",
  },
]
`;
